// Jest Snapshot v1, https://goo.gl/fbAQLP

exports[`NavBar Component should match the snapshot 1`] = `
<DocumentFragment>
  <nav
    class="navbar"
    data-testid="navbarComponent"
  >
    <div
      class="menu"
    >
      <div
        class="dropDownListBasic"
        data-testid="dropDownList"
      >
        <a
          class="dropDownMainLink"
          href="/in-progress"
        >
          Авто
        </a>
        <div
          class="dropDownContent"
        >
          <a
            class="dropDownText"
            href="/in-progress"
          >
            КАСКО
          </a>
          <a
            class="dropDownText"
            href="/in-progress"
          >
            ОСАГО
          </a>
        </div>
      </div>
      <div
        class="dropDownListBasic"
        data-testid="dropDownList"
      >
        <a
          class="dropDownMainLink"
          href="/in-progress"
        >
          Имущество
        </a>
        <div
          class="dropDownContent"
        >
          <a
            class="dropDownText"
            href="/property/apartment"
          >
            Квартира
          </a>
          <a
            class="dropDownText"
            href="/in-progress"
          >
            Дом
          </a>
        </div>
      </div>
      <div
        class="dropDownListBasic"
        data-testid="dropDownList"
      >
        <a
          class="dropDownMainLink"
          href="/in-progress"
        >
          Здоровье
        </a>
        <div
          class="dropDownContent"
        >
          <a
            class="dropDownText"
            href="/in-progress"
          >
            ДМС
          </a>
          <a
            class="dropDownText"
            href="/in-progress"
          >
            Страхование жизни
          </a>
        </div>
      </div>
      <div
        class="dropDownListBasic"
        data-testid="dropDownList"
      >
        <a
          class="dropDownMainLink"
          href="/in-progress"
        >
          Отдых
        </a>
        <div
          class="dropDownContent"
        >
          <a
            class="dropDownText"
            href="/in-progress"
          >
            Страхование путешественников
          </a>
        </div>
      </div>
    </div>
    <button
      class="buttonSpecial"
    >
      Страховой случай
    </button>
  </nav>
</DocumentFragment>
`;
