// Jest Snapshot v1, https://goo.gl/fbAQLP

exports[`DropDownList check dropdown link-menu 1`] = `
<div
  class="dropDownListBasic"
  data-testid="dropDownList"
>
  <a
    aria-current="page"
    class="dropDownMainLink active"
    href="/"
  >
    Имущество
  </a>
  <div
    class="dropDownContent"
  >
    <a
      aria-current="page"
      class="dropDownText active"
      href="/"
    >
      Квартира
    </a>
    <a
      aria-current="page"
      class="dropDownText active"
      href="/"
    >
      Дом
    </a>
  </div>
</div>
`;
